{"favorite_color": "red", "favorite_number": 427, "name": "Bosch21"}
